// Jest Snapshot v1, https://goo.gl/fbAQLP

exports[`Header component snapshot 1`] = `
<DocumentFragment>
  <nav>
    <h1>
      Math Magicians
    </h1>
    <ul>
      <li>
        <a
          aria-current="page"
          class="active"
          href="/"
        >
          Home
        </a>
      </li>
      <li>
        <a
          class=""
          href="/calculator"
        >
          Calculator
        </a>
      </li>
      <li>
        <a
          class=""
          href="/quotes"
        >
          Quotes
        </a>
      </li>
    </ul>
  </nav>
</DocumentFragment>
`;
