// Jest Snapshot v1, https://goo.gl/fbAQLP

exports[`Output component snapshot 1`] = `
<DocumentFragment>
  <div
    class="result"
  >
    <input
      data-testid="inputField"
      readonly=""
      type="text"
      value="Sample Value"
    />
  </div>
</DocumentFragment>
`;
