// Jest Snapshot v1, https://goo.gl/fbAQLP

exports[`PageNotFound component matches snapshot 1`] = `
<DocumentFragment>
  <div
    class="pagenotfound"
  >
    <p>
      Sorry, Page Not Found
    </p>
  </div>
</DocumentFragment>
`;
